main.c:32:6:clearAllClock	8	static
main.c:40:6:setNumberOnClock	16	static
main.c:61:6:clearNumberOnClock	16	static
main.c:130:9:getHourHandPosition	24	static
main.c:146:9:getMinuteHandPosition	24	static
main.c:164:9:getSecondHandPosition	24	static
main.c:181:6:displayAnalogClock	16	static
main.c:199:6:updateClockTime	4	static
main.c:223:6:setClockTime	16	static
main.c:237:5:main	8	static
main.c:293:6:SystemClock_Config	72	static
main.c:329:13:MX_GPIO_Init	32	static
main.c:353:6:testAllLEDs	16	static
main.c:368:6:Error_Handler	4	static,ignoring_inline_asm
