main.c:32:6:clearAllClock	8	static
main.c:40:6:setNumberOnClock	16	static
main.c:61:6:clearNumberOnClock	16	static
main.c:131:9:getHourHandPosition	24	static
main.c:149:9:getMinuteHandPosition	16	static
main.c:160:9:getSecondHandPosition	16	static
main.c:170:6:displayAnalogClock	16	static
main.c:188:6:updateClockTime	4	static
main.c:212:6:setClockTime	16	static
main.c:223:6:getCurrentTimeString	24	static
main.c:233:5:main	16	static
main.c:310:6:SystemClock_Config	72	static
main.c:346:13:MX_GPIO_Init	32	static
main.c:376:6:demoFastClock	16	static
main.c:391:6:testAllLEDs	16	static
main.c:406:6:Error_Handler	4	static,ignoring_inline_asm
